// Jest Snapshot v1, https://goo.gl/fbAQLP

exports[`should render expense list with empty message 1`] = `
<div>
  <h1>
    Expense List
  </h1>
  <p>
    No expenses
  </p>
</div>
`;

exports[`should render expense list with expenses 1`] = `
<div>
  <h1>
    Expense List
  </h1>
  <ExpanseListItem
    amount={500}
    createdAt={345600000}
    description="desc1 RR"
    id="1"
    key="1"
    note="note1"
  />
  <ExpanseListItem
    amount={100}
    createdAt={0}
    description="desc2 RR"
    id="2"
    key="2"
    note="note2"
  />
  <ExpanseListItem
    amount={300}
    createdAt={-345600000}
    description="desc3"
    id="3"
    key="3"
    note="note3"
  />
</div>
`;
